<html>
<body>
<pre>
<h1>µVision Build Log</h1>
<h2>Tool Versions:</h2>
IDE-Version: µVision V5.39.0.0
Copyright (C) 2023 ARM Ltd and ARM Germany GmbH. All rights reserved.
License Information: Do Quoc Viet, UET, LIC=----
 
Tool Versions:
Toolchain:       MDK-Lite  Version: 5.39.0.0
Toolchain Path:  E:\Keli\ARM\ARM_Compiler_5.06u7\Bin
C Compiler:      Armcc.exe V5.06 update 7 (build 960)
Assembler:       Armasm.exe V5.06 update 7 (build 960)
Linker/Locator:  ArmLink.exe V5.06 update 7 (build 960)
Library Manager: ArmAr.exe V5.06 update 7 (build 960)
Hex Converter:   FromElf.exe V5.06 update 7 (build 960)
CPU DLL:         SARMCM3.DLL V5.39.0.0
Dialog DLL:      DCM.DLL V1.17.5.0
Target DLL:      STLink\ST-LINKIII-KEIL_SWO.dll V3.2.0.0
Dialog DLL:      TCM.DLL V1.56.4.0
 
<h2>Project:</h2>
D:\STM32\PROJECT\New Folder (2)\test2\MDK-ARM\test2.uvprojx
Project File Date:  04/14/2024

<h2>Output:</h2>
*** Using Compiler 'V5.06 update 7 (build 960)', folder: 'E:\Keli\ARM\ARM_Compiler_5.06u7\Bin'
Build target 'test2'
compiling main.c...
../Core/Src/main.c(54): warning:  #174-D: expression has no effect
  		__NOP;
../Core/Src/main.c(118): warning:  #550-D: variable "timediv"  was set but never used
  		bool timediv = 0, voldiv = 0, hz = 0;
../Core/Src/main.c(118): warning:  #550-D: variable "voldiv"  was set but never used
  		bool timediv = 0, voldiv = 0, hz = 0;
../Core/Src/main.c(118): warning:  #550-D: variable "hz"  was set but never used
  		bool timediv = 0, voldiv = 0, hz = 0;
../Core/Src/main.c(104): warning:  #177-D: variable "usb_tx_buffer"  was declared but never referenced
    char usb_tx_buffer[2];
../Core/Src/main.c: 5 warnings, 0 errors
linking...
Program Size: Code=14336 RO-data=328 RW-data=388 ZI-data=6244  
FromELF: creating hex file...
"test2\test2.axf" - 0 Error(s), 5 Warning(s).

<h2>Software Packages used:</h2>

Package Vendor: ARM
                http://www.keil.com/pack/ARM.CMSIS.5.9.0.pack
                ARM::CMSIS@5.9.0
                CMSIS (Common Microcontroller Software Interface Standard)
   * Component: CORE Version: 5.6.0

Package Vendor: Keil
                https://www.keil.com/pack/Keil.STM32F1xx_DFP.2.4.1.pack
                Keil::STM32F1xx_DFP@2.4.1
                STMicroelectronics STM32F1 Series Device Support, Drivers and Examples

<h2>Collection of Component include folders:</h2>
  ./RTE/_test2
  E:/Keli/PACKS/ARM/CMSIS/5.9.0/CMSIS/Core/Include
  E:/Keli/PACKS/Keil/STM32F1xx_DFP/2.4.1/Device/Include

<h2>Collection of Component Files used:</h2>

   * Component: ARM::CMSIS:CORE@5.6.0
      Include file:  CMSIS/Core/Include/tz_context.h
Build Time Elapsed:  00:00:01
</pre>
</body>
</html>
